// Jest Snapshot v1, https://goo.gl/fbAQLP

exports[`ImageCardsEdit should render without crashing 1`] = `
Array [
  <div
    className="image-cards-wrapper"
  >
    
  </div>,
  <div
    id="sidebar"
  >
    <div
      className="ui form"
    >
      <header
        className="header pulled"
      >
        <h2>
          Image Cards
        </h2>
      </header>
      <div
        id="blockform-fieldset-default"
      >
        <div
          className="ui segment form attached"
        >
          <div
            className="mocked-default-widget"
            id="mocked-field-title"
          >
            Title
             - 
            No description
          </div>
          <div
            className="mocked-default-widget"
            id="mocked-field-text"
          >
            Text
             - 
            No description
          </div>
          <div
            className="mocked-choices-widget"
            id="mocked-field-display"
          >
            Display
             - 
            No description
          </div>
          <div
            className="mocked-align-widget"
            id="mocked-field-align"
          >
            Alignment
             - 
            No description
          </div>
          <div
            className="mocked-default-widget"
            id="mocked-field-image_scale"
          >
            Image scale
             - 
            No description
          </div>
          <div
            className="mocked-default-widget"
            id="mocked-field-cards"
          >
            Images
             - 
            Add a list of Images as Carousel Items
          </div>
        </div>
      </div>
    </div>
  </div>,
]
`;

exports[`ImageCardsEdit should render without crashing and no display 1`] = `
Array [
  <div
    className="image-cards-wrapper"
  >
    
  </div>,
  <div
    id="sidebar"
  >
    <div
      className="ui form"
    >
      <header
        className="header pulled"
      >
        <h2>
          Image Cards
        </h2>
      </header>
      <div
        id="blockform-fieldset-default"
      >
        <div
          className="ui segment form attached"
        >
          <div
            className="mocked-default-widget"
            id="mocked-field-title"
          >
            Title
             - 
            No description
          </div>
          <div
            className="mocked-default-widget"
            id="mocked-field-text"
          >
            Text
             - 
            No description
          </div>
          <div
            className="mocked-choices-widget"
            id="mocked-field-display"
          >
            Display
             - 
            No description
          </div>
          <div
            className="mocked-align-widget"
            id="mocked-field-align"
          >
            Alignment
             - 
            No description
          </div>
          <div
            className="mocked-default-widget"
            id="mocked-field-image_scale"
          >
            Image scale
             - 
            No description
          </div>
          <div
            className="mocked-default-widget"
            id="mocked-field-cards"
          >
            Images
             - 
            Add a list of Images as Carousel Items
          </div>
        </div>
      </div>
    </div>
  </div>,
]
`;
